cas-fsck: walking refs — 806 objects, 64 pages
cas-fsck: walking refs — 1708 objects, 128 pages
cas-fsck: walking refs — 2569 objects, 192 pages
cas-fsck: walking refs — 3374 objects, 256 pages
cas-fsck: walking refs — 4185 objects, 320 pages
cas-fsck: walking refs — 4915 objects, 384 pages
cas-fsck: walking refs — 5601 objects, 448 pages
cas-fsck: walking refs — 6374 objects, 512 pages
cas-fsck: walking refs — 7152 objects, 576 pages
cas-fsck: walking refs — 7792 objects, 640 pages
cas-fsck: walking refs — 8469 objects, 704 pages
cas-fsck: walking refs — 9097 objects, 768 pages
cas-fsck: walking refs — 9714 objects, 832 pages
cas-fsck: walking refs — 10365 objects, 896 pages
cas-fsck: walking refs — 11015 objects, 960 pages
cas-fsck: walking refs — 11629 objects, 1024 pages
cas-fsck: walking refs — 12226 objects, 1088 pages
cas-fsck: walking refs — 12773 objects, 1152 pages
cas-fsck: walking refs — 13374 objects, 1216 pages
cas-fsck: walking refs — 13913 objects, 1280 pages
cas-fsck: walking refs — 14463 objects, 1344 pages
cas-fsck: walking refs — 14957 objects, 1408 pages
cas-fsck: walking refs — 15467 objects, 1472 pages
cas-fsck: walking refs — 15953 objects, 1536 pages
cas-fsck: walking refs — 16382 objects, 1600 pages
cas-fsck: walking refs — 16699 objects, 1664 pages
cas-fsck: walking refs — 16978 objects, 1728 pages
cas-fsck: walking refs — 17328 objects, 1792 pages
cas-fsck: walking refs — 17862 objects, 1856 pages
cas-fsck: walking refs — 18503 objects, 1920 pages
cas-fsck: walking refs — 19237 objects, 1984 pages
cas-fsck: walking refs — 19800 objects, 2048 pages
cas-fsck: walking refs — 20352 objects, 2112 pages
cas-fsck: walking refs — 21003 objects, 2176 pages
cas-fsck: walking refs — 21528 objects, 2240 pages
cas-fsck: walking refs — 21596 objects, 2304 pages
cas-fsck: walking refs — 21658 objects, 2368 pages
cas-fsck: walking refs — 21749 objects, 2432 pages
cas-fsck: walking refs — 21814 objects, 2496 pages
cas-fsck: walking refs — 21939 objects, 2560 pages
cas-fsck: walking refs — 22006 objects, 2624 pages
cas-fsck: walking refs — 22100 objects, 2688 pages
cas-fsck: walking refs — 22247 objects, 2752 pages
cas-fsck: walking refs — 22412 objects, 2816 pages
cas-fsck: walking refs — 22589 objects, 2880 pages
cas-fsck: walking refs — 22749 objects, 2944 pages
cas-fsck: walking refs — 22879 objects, 3008 pages
cas-fsck: walking refs — 23011 objects, 3072 pages
cas-fsck: walking refs — 23156 objects, 3136 pages
cas-fsck: walking refs — 23265 objects, 3200 pages
cas-fsck: walking refs — 23322 objects, 3264 pages
cas-fsck: walking refs — 23441 objects, 3328 pages
cas-fsck: walking refs — 23558 objects, 3392 pages
cas-fsck: walking refs — 23645 objects, 3456 pages
cas-fsck: walking refs — 23785 objects, 3520 pages
cas-fsck: walking refs — 23849 objects, 3584 pages
cas-fsck: walking refs — 23915 objects, 3648 pages
cas-fsck: walking refs — 24004 objects, 3712 pages
cas-fsck: walking refs — 24094 objects, 3776 pages
cas-fsck: walking refs — 24173 objects, 3840 pages
cas-fsck: walking refs — 24269 objects, 3904 pages
cas-fsck: walking refs — 24392 objects, 3968 pages
cas-fsck: walking refs — 24445 objects, 4032 pages
cas-fsck: listing blobs — 16000 objects, 16 pages
cas-fsck: listing blobs — 32000 objects, 32 pages
cas-fsck: listing blobs — 48000 objects, 48 pages
cas-fsck: listing blobs — 64000 objects, 64 pages
cas-fsck: listing blobs — 80000 objects, 80 pages
cas-fsck: listing blobs — 96000 objects, 96 pages
cas-fsck: listing blobs — 112000 objects, 112 pages
cas-fsck: listing blobs — 128000 objects, 128 pages
cas-fsck: listing blobs — 144000 objects, 144 pages
cas-fsck: listing blobs — 160000 objects, 160 pages
cas-fsck: listing blobs — 176000 objects, 176 pages
cas-fsck: listing blobs — 192000 objects, 192 pages
cas-fsck: listing blobs — 208000 objects, 208 pages
cas-fsck: listing blobs — 224000 objects, 224 pages
cas-fsck: listing blobs — 240000 objects, 240 pages
cas-fsck: listing blobs — 256000 objects, 256 pages
cas-fsck: listing blobs — 262428 objects, 263 pages
cas-fsck: reading gc snapshot runs — 29669 objects, 65536 pages
cas-fsck: reading gc snapshot runs — 65431 objects, 131072 pages
cas-fsck: reading gc snapshot runs — 100868 objects, 196608 pages
cas-fsck: listing manifests for the stale-edge check — 16000 objects, 16 pages
cas-fsck: listing manifests for the stale-edge check — 32000 objects, 32 pages
cas-fsck: listing manifests for the stale-edge check — 48000 objects, 48 pages
cas-fsck: listing manifests for the stale-edge check — 63981 objects, 64 pages
cas-fsck: listing manifests for the stale-edge check — 16000 objects, 16 pages
cas-fsck: listing manifests for the stale-edge check — 32000 objects, 32 pages
cas-fsck: listing manifests for the stale-edge check — 39441 objects, 40 pages
cas-fsck: listing manifests — 16000 objects, 16 pages
cas-fsck: listing manifests — 32000 objects, 32 pages
cas-fsck: listing manifests — 48000 objects, 48 pages
cas-fsck: listing manifests — 63943 objects, 64 pages
cas-fsck: listing manifests — 16000 objects, 16 pages
cas-fsck: listing manifests — 32000 objects, 32 pages
cas-fsck: listing manifests — 39441 objects, 40 pages
