== listing tail before wait ==
0000000000000001-000000000000648e.zst
0000000000000001-000000000000648f.zst
0000000000000001-0000000000006490.zst
0000000000000001-0000000000006491.zst
0000000000000001-0000000000006492.zst
0000000000000001-0000000000006493.zst
0000000000000001-0000000000006494.zst
0000000000000001-0000000000006495.zst
== listing tail after wait ==
0000000000000001-0000000000006565.zst
0000000000000001-0000000000006566.zst
0000000000000001-0000000000006567.zst
0000000000000001-0000000000006568.zst
0000000000000001-0000000000006569.zst
0000000000000001-000000000000656a.zst
0000000000000001-000000000000656b.zst
0000000000000001-000000000000656c.zst
TARGET=0000000000000001-000000000000656a.zst
== backing up target ==
backup saved to /home/mfilimonov/workspace/ClickHouse/master/build/ca_soak_crit4_hold/backup/inject_backup.tar
== verifying backup round-trip on a SCRATCH copy first ==
SCRATCH_ROUNDTRIP_OK
== deleting target (simulating a 404 the store owes) ==
DELETED 0000000000000001-000000000000656a.zst at 2026-08-04T11:29:24Z
TARGET_KEY=cas/ns/stream/865d3a88b5332a8e47c8b1463b483da3/_log/0000000000000001-000000000000656a.zst
NS=865d3a88b5332a8e47c8b1463b483da3
